ureth engine.persistence-threshold=64 blocks (D2C replay visibility)
ureth-pin: verified /Users/risto/uni/agre/ureth/target/release/unicity-reth reports the pinned commit 32e1f2fc769dfeddc18dce600e82331c8ed6279e
bft source commit=048e7008f85c2ceb3d4a6912c8f9828b46bd8be4
ureth source commit=32e1f2fc769dfeddc18dce600e82331c8ed6279e binary sha256=112234b775cf674c253e603a5d095634ce6aea88143451a1d459156dca6fd936
registry artifact sha256=56b21b59e7a67e5d5113283e5b9b44279f02e95abb0a7a3dbed0478c876e61a9
=== 1. generate the shard topology and chain spec ===
generated genesis sha256=0b73668a444d0716662f517e2e353e37e6f4a16eaf15a45445da55d6314f9667
funded genesis source sha256=6c5eaefe3da6f5751ae1106273327db1931936d34761879c19032bdb3e863dfa
wrote test-nodes/evm-genesis-finalized-funded.json (chainId=31337, shanghai+cancun at genesis, registry account at 0xff00000000000000000000000000000000000002)
wrote test-nodes/evm-full-shard-conf-v2.json (full shard configuration)
full shard conf hash:       0xda9fd27c92f0a403d2780448de5ad2604e13b01484969579bebdb75c829bed69
state root:                 0x5b607e62e78d0693248fa581d297cb1ca1365ae2640b010141770e4a4097639a
block hash:                 0xf28d1b1ff4f747c0344ab3b91de6f7924edd9dbc5b9214eb1876948ec28c32b5
execution config identity:  0x789e09cf2fe624921fc5cc0680ab81af67198403770a0edad001cacee5b63104
origin identity:            0x038d05d0473362f7516cdb26eb51052f4f4bf6ab008a9fd5dea5d04493bf00b9
finalized funded genesis sha256=c1fd4d77c90866b289bb640288c372cff3f5f2419e40a731ff1f0bd90128ab59
enrolled 4 independent signing authorities against the full shard configuration

=== 2. start one reth per validator on that chain spec ===
  PASS: all 4 reth instances are up on the shard's generated chain spec
  PASS: reth instances statically peered

=== 3. doctor preflight detects chainId mismatch and unreachable Engine API ===
D2C mode: skipping unrelated startup negatives; the execution lane starts in section 4

=== 4. configure the checked v2 origin and seed the block-1 transaction ===
  paid nonce 0 hash=0x7ea8b9b57b6e4b7a4cdf2bfbcbb8008a8076ed0a85a0d49d4a5bef2e4ac8afe9 seeded on all 4 reth clients
  paid nonce 1 hash=0x7126d65f2a9b02fad6e2117696766001181ca1dea65ca23282119276dca599ab seeded on all 4 reth clients
  paid nonce 2 hash=0xcbed419397f5dfbf48bd0e96c102dc0f8f6ad116ab56874e5d5cc7f29510c329 seeded on all 4 reth clients
  PASS: seeded three paid user transactions in every reth mempool before block 1

=== 5. the v2 bootstrap certifies a real EVM block 1 ===
waiting for block 1 and a certificate (up to 180s) ...
  PASS: real reth executed 0x7ea8b9b57b6e4b7a4cdf2bfbcbb8008a8076ed0a85a0d49d4a5bef2e4ac8afe9 in certified v2 block 1

=== 6. D1 continuous certified execution through block 10 ===
timing: witness attempt=400ms episode=500ms, T2=5000ms, proof window=64 blocks
height hash parent stateRoot commitment txs heads partitionRound rootRound elapsed_s
1 0xcd6f6ac6d4a7af90758493d6355ca739aa64cb9dfc29a91bab7920858abcecd7 0xf28d1b1ff4f747c0344ab3b91de6f7924edd9dbc5b9214eb1876948ec28c32b5 0x401ef1ed2a1acee8dc553c5c94ac9d2fa27d2f9e3b38be11f43c8f945c5878b2 0x3e7b240ba57d27d5943ccbed0801a842e30e8ae7f0de9720fb4c84c1afd0d3e2 3 1,1,1,1 4 44 0.032
v2 B1 bytes=8b02030841800400005820f28d1b1ff4f747c0344ab3b91de6f7924edd9dbc5b9214eb1876948ec28c32b588031827011a6ab3f57a5820f32f5f43057817b983fff26e6e54361caa01439081279f4926cb460e5762c64a860000f6f600f658205073e6bcaeb3e800e414d10a58d70e149e6986bdc4edae58b87dcf80f839bb2f5820da9fd27c92f0a403d2780448de5ad2604e13b01484969579bebdb75c829bed69850400783531365569753248416b7a6b683150666165504c3165415133646b376a536242417a79555a6a664b3275676e326f7364534b46575931582024ee26f4aa45485f53aab47757d0b97199a3d95f50cb979c383b7e5024f921ff58202b40956c4615e87574c9157dfa4e2c3740076c16e84671aa8aa4c7e1c4918a7a80 (same on all four validators)
2 0x36ca49f8280425f47334ee5a2074267f4a1d7f8403dabf70b60539575ad311f5 0xcd6f6ac6d4a7af90758493d6355ca739aa64cb9dfc29a91bab7920858abcecd7 0x01957d9ff1a9e9d20c05c21b99fc51c2100d119d52af6cff0eb2148ab37e5931 0x8f4241584e645db6a8f178b794787d01c1f2de7bc7d305219232746869ef9cb1 0 2,2,2,2 5 47 1.109
v2 B2 bytes=8b02030841800500005820cd6f6ac6d4a7af90758493d6355ca739aa64cb9dfc29a91bab7920858abcecd78803182c011a6ab3f57e5820396fac80c9eaabee04d193c2d0ef8f9a9699feaa8eed36ac4d36e421840ef5ad860400f65820401ef1ed2a1acee8dc553c5c94ac9d2fa27d2f9e3b38be11f43c8f945c5878b21a6ab3f57a5820cd6f6ac6d4a7af90758493d6355ca739aa64cb9dfc29a91bab7920858abcecd758205dcee50f4e32b55d363ea1e7f544160210fa7f97ccf2f2039340d3c5c45d10af5820da9fd27c92f0a403d2780448de5ad2604e13b01484969579bebdb75c829bed69850500783531365569753248416d3358316557553577786f67773635716746626d504a4167796a4a4e42356257516850615a56526e48433563325820f9a491e461c1646fbec0508060b2d1d95bd81b1d8898ae5f17a4a0205d5a99f858202b40956c4615e87574c9157dfa4e2c3740076c16e84671aa8aa4c7e1c4918a7a80 (same on all four validators)
3 0xca488dfe784f0c84b11538350ba79c0ed6b5a967a65e5fec1b667e671567588a 0x36ca49f8280425f47334ee5a2074267f4a1d7f8403dabf70b60539575ad311f5 0xf072f159b09b3819261116e7095f262bd43417be11aa84c54d5f085e4bc79f70 0x9d12eaf53b88ce43a8bfff841b829290ab6c37ed7a016bc1eb965eb703e0fe45 0 3,3,3,3 6 50 3.233
v2 B3 bytes=8b0203084180060000582036ca49f8280425f47334ee5a2074267f4a1d7f8403dabf70b60539575ad311f58803182f011a6ab3f580582060fff957085d3356522a8a6f9ebda32e766d7d50fbd5e6bfdd8630bbdf1d11ac8605005820401ef1ed2a1acee8dc553c5c94ac9d2fa27d2f9e3b38be11f43c8f945c5878b2582001957d9ff1a9e9d20c05c21b99fc51c2100d119d52af6cff0eb2148ab37e59311a6ab3f57e582036ca49f8280425f47334ee5a2074267f4a1d7f8403dabf70b60539575ad311f5582063f7bab7f24470122f224977e9cd9eb5f5b2e9e95233af6250dfeb06af08eb305820da9fd27c92f0a403d2780448de5ad2604e13b01484969579bebdb75c829bed69850600783531365569753248416d515a4c32656d5061556d4434666a4355634d7951646d7a6a6234615061426a345a6542474555387650684a7058203550e72d57446df75d02c477acd02561ade1cd1d541d4167ff42b0d4fa4b5b4a58202b40956c4615e87574c9157dfa4e2c3740076c16e84671aa8aa4c7e1c4918a7a80 (same on all four validators)
4 0xc38cff2a5645a3f04b6771f4888ca4a7b9bc443a9a13764b65b77f87bc8da6a8 0xca488dfe784f0c84b11538350ba79c0ed6b5a967a65e5fec1b667e671567588a 0x8ec564dea3cbb03baa5ceb88a2c574d9d6027b61b909370a60dd9b05ea09fd19 0xbc4b33068c5ab766c7afac00feabf0a673d491e344735c2b8a6d0a31a7af873a 0 4,4,4,4 7 53 5.279
v2 B4 bytes=8b02030841800700005820ca488dfe784f0c84b11538350ba79c0ed6b5a967a65e5fec1b667e671567588a88031832011a6ab3f582582036ffde92ee2f01dfe093b4791c6ed44191f09ca382d5508fdbdf5ab9b29282e2860600582001957d9ff1a9e9d20c05c21b99fc51c2100d119d52af6cff0eb2148ab37e59315820f072f159b09b3819261116e7095f262bd43417be11aa84c54d5f085e4bc79f701a6ab3f5805820ca488dfe784f0c84b11538350ba79c0ed6b5a967a65e5fec1b667e671567588a5820184c363b6a91083259cdffd1e2dc9f71c25c8bd61a1d2d0911153fad9d0a8a5b5820da9fd27c92f0a403d2780448de5ad2604e13b01484969579bebdb75c829bed69850700783531365569753248416d515a4c32656d5061556d4434666a4355634d7951646d7a6a6234615061426a345a6542474555387650684a705820df138922fe56eb9f0fee32c478a628c4949c828c676c81bfa28da37bcc2301b558202b40956c4615e87574c9157dfa4e2c3740076c16e84671aa8aa4c7e1c4918a7a80 (same on all four validators)
5 0x89ebc238659451c4feb43e8bc599c00ec8fd2c626c2da032a9fce41ea1419520 0xc38cff2a5645a3f04b6771f4888ca4a7b9bc443a9a13764b65b77f87bc8da6a8 0x38a534faf7304adaaecf89ee3ef643f6473e582cb716d87a96f7def854e4410c 0xcdcd874f2e4678f5ac15d47716bc2455a3a4c574bacd752fe33b002916c3d6e1 0 5,5,5,5 8 56 7.838
v2 B5 bytes=8b02030841800800005820c38cff2a5645a3f04b6771f4888ca4a7b9bc443a9a13764b65b77f87bc8da6a888031835011a6ab3f5845820df3e727531adfe0cfb8702a22942478e043cf20d6abfe86d5bb61f0ead8c86f28607005820f072f159b09b3819261116e7095f262bd43417be11aa84c54d5f085e4bc79f7058208ec564dea3cbb03baa5ceb88a2c574d9d6027b61b909370a60dd9b05ea09fd191a6ab3f5825820c38cff2a5645a3f04b6771f4888ca4a7b9bc443a9a13764b65b77f87bc8da6a858208950fabd559ec121869593e7e3e8ac5029958f2b71643ea4f12b3bee8fe2b3b55820da9fd27c92f0a403d2780448de5ad2604e13b01484969579bebdb75c829bed69850800783531365569753248416d456e6734336373746142675a6b4e5048376459627075657a7244746b595035553676746e3365686166374245582070aea2a70153f34fb875c16c8a8a529b5b6ea81b75116571c9990e665b7b55bd58202b40956c4615e87574c9157dfa4e2c3740076c16e84671aa8aa4c7e1c4918a7a80 (same on all four validators)
D2C probe: restarted validator 1 shard pid 91538 -> 92046; reth and authority unchanged; retained reth pid=91169, authority pid=91044
6 0xc0c03d806d0564bfff8b67bc03fcec56f058f31532277c472b438163c758e921 0x89ebc238659451c4feb43e8bc599c00ec8fd2c626c2da032a9fce41ea1419520 0x0692025cb40d4b1d7b2e144b89cb156099a05b4df3727ee45c50dd5c894bafaf 0x85c96f89b2616efaa4d34d58f859f9a835e1e1520f97955134141f10ed7a02a5 0 6,6,6,6 9 59 10.018
v2 B6 bytes=8b0203084180090000582089ebc238659451c4feb43e8bc599c00ec8fd2c626c2da032a9fce41ea141952088031838011a6ab3f58758207911f5f59121bc207014da2b38f0801cff9f409c0fb34a625c8592e550aa063886080058208ec564dea3cbb03baa5ceb88a2c574d9d6027b61b909370a60dd9b05ea09fd19582038a534faf7304adaaecf89ee3ef643f6473e582cb716d87a96f7def854e4410c1a6ab3f584582089ebc238659451c4feb43e8bc599c00ec8fd2c626c2da032a9fce41ea141952058209602371e4bbfa90f2997f4a912937013a12b648df756ed749f75673abbfb40e05820da9fd27c92f0a403d2780448de5ad2604e13b01484969579bebdb75c829bed69850900783531365569753248416d3358316557553577786f67773635716746626d504a4167796a4a4e42356257516850615a56526e48433563325820fd51768dcd18e831f34fe87e3b8dfbfbcf6c1ee3d87c89f490053dc95657d3e258202b40956c4615e87574c9157dfa4e2c3740076c16e84671aa8aa4c7e1c4918a7a80 (same on all four validators)
7 0x9dab5acd7ca83bc9c1da2bf4dbac46ae79d35dd5cac07d7a245f6c62b2f98646 0xc0c03d806d0564bfff8b67bc03fcec56f058f31532277c472b438163c758e921 0x52af8466b5324811d04342159663b5801e491406b94b8f877b294343a231dc36 0xf104093d042fa99ba02f6d3375f12af838d6778685f15834f9ad370438f9cb60 0 7,7,7,7 10 62 12.159
v2 B7 bytes=8b02030841800a00005820c0c03d806d0564bfff8b67bc03fcec56f058f31532277c472b438163c758e9218803183b011a6ab3f589582025c02896b698aed13fb1f745e1842746f511e8e56fd203823094994a96243e55860900582038a534faf7304adaaecf89ee3ef643f6473e582cb716d87a96f7def854e4410c58200692025cb40d4b1d7b2e144b89cb156099a05b4df3727ee45c50dd5c894bafaf1a6ab3f5875820c0c03d806d0564bfff8b67bc03fcec56f058f31532277c472b438163c758e9215820b18706d9654d5929adf56f8ac5badb6399da46d351bb96cfaa41b2fece99c2755820da9fd27c92f0a403d2780448de5ad2604e13b01484969579bebdb75c829bed69850a00783531365569753248416b7a6b683150666165504c3165415133646b376a536242417a79555a6a664b3275676e326f7364534b4657593158202b2d11f26a66416659951633d1a6add2b49851b53477805f77f35d1910f1345958202b40956c4615e87574c9157dfa4e2c3740076c16e84671aa8aa4c7e1c4918a7a80 (same on all four validators)
8 0x118ba0f16d1ba664cacc290f3819ba69b5dd66cbec0bf43438897c08eb5fa5ad 0x9dab5acd7ca83bc9c1da2bf4dbac46ae79d35dd5cac07d7a245f6c62b2f98646 0x9d92ef43b5c9b88e1be01d9fcec7326acccfed91779ef3ce5b3b5a658d4375c0 0x2c4b17e7b7122a649f9ede28d1fa91efd821dac6445b450c8d07b453f3574cc6 0 8,8,8,8 11 65 14.738
v2 B8 bytes=8b02030841800b000058209dab5acd7ca83bc9c1da2bf4dbac46ae79d35dd5cac07d7a245f6c62b2f986468803183e011a6ab3f58b5820a0f84b0a47bfe67a04aacd5d22f1df2b0397ede2a376091ac57c46c8044bd725860a0058200692025cb40d4b1d7b2e144b89cb156099a05b4df3727ee45c50dd5c894bafaf582052af8466b5324811d04342159663b5801e491406b94b8f877b294343a231dc361a6ab3f58958209dab5acd7ca83bc9c1da2bf4dbac46ae79d35dd5cac07d7a245f6c62b2f986465820ee126dd62c770b06973410d31c4a8f393e5f264ae9cae7dc1e23f7b6dbf9c6525820da9fd27c92f0a403d2780448de5ad2604e13b01484969579bebdb75c829bed69850b00783531365569753248416d3358316557553577786f67773635716746626d504a4167796a4a4e42356257516850615a56526e48433563325820101043b065d61ef49e7a42cf883e67042ea56a0a4c7b8b2b9437b62de325a20658202b40956c4615e87574c9157dfa4e2c3740076c16e84671aa8aa4c7e1c4918a7a80 (same on all four validators)
9 0x0d4e81ded7587eb585d8a3fa8897992ef991cde943e12d97f23ae35022c3de9c 0x118ba0f16d1ba664cacc290f3819ba69b5dd66cbec0bf43438897c08eb5fa5ad 0xafbdb76e355666e3ed7e46b479cae3350e47af4d1c190122bcd749795d75a795 0x35007456ea664cf74bbde174489992ba457cd3865325fb6762d0010317656ec2 0 9,9,9,9 12 68 16.782
v2 B9 bytes=8b02030841800c00005820118ba0f16d1ba664cacc290f3819ba69b5dd66cbec0bf43438897c08eb5fa5ad88031841011a6ab3f58d58203008a75cc313c853e1790dfd023fef7356c1b85f08057cc2f2599f4c8a560105860b00582052af8466b5324811d04342159663b5801e491406b94b8f877b294343a231dc3658209d92ef43b5c9b88e1be01d9fcec7326acccfed91779ef3ce5b3b5a658d4375c01a6ab3f58b5820118ba0f16d1ba664cacc290f3819ba69b5dd66cbec0bf43438897c08eb5fa5ad582017669dfd9fcfc22f4b879b61c37b70b424a606bcdd4e6cd3607947e7325935a35820da9fd27c92f0a403d2780448de5ad2604e13b01484969579bebdb75c829bed69850c00783531365569753248416d3358316557553577786f67773635716746626d504a4167796a4a4e42356257516850615a56526e484335633258200ba7bf1d77cbe2c5cc90a2490e347fd23862f1ba440eedd88ddb759d5a5d18be58202b40956c4615e87574c9157dfa4e2c3740076c16e84671aa8aa4c7e1c4918a7a80 (same on all four validators)
10 0xaf3493158e2695c2e4422a4cf05306d61eb6cc17b287eb564f6c962fd53f5af8 0x0d4e81ded7587eb585d8a3fa8897992ef991cde943e12d97f23ae35022c3de9c 0xcfd38438cff805d1e71181ffd18cc1453e2122917db57fe535efc35a0d753f65 0xfc7e50c73111b7f47e7c828c176da5418445244a11b7822af87d3aeebe9d8464 0 10,10,10,10 13 71 19.394
v2 B10 bytes=8b02030841800d000058200d4e81ded7587eb585d8a3fa8897992ef991cde943e12d97f23ae35022c3de9c88031844011a6ab3f59058206dc927f5f0ea678c0c8a5ef1b3d726c744ea6e4c764b919a9421fc161a0540f1860c0058209d92ef43b5c9b88e1be01d9fcec7326acccfed91779ef3ce5b3b5a658d4375c05820afbdb76e355666e3ed7e46b479cae3350e47af4d1c190122bcd749795d75a7951a6ab3f58d58200d4e81ded7587eb585d8a3fa8897992ef991cde943e12d97f23ae35022c3de9c58209a23661af004eb965f4e3b442a3a452d237e97cf7b25a03d221f687b40d2c8995820da9fd27c92f0a403d2780448de5ad2604e13b01484969579bebdb75c829bed69850d00783531365569753248416b7a6b683150666165504c3165415133646b376a536242417a79555a6a664b3275676e326f7364534b46575931582013fcddf6bc98698b1c4e61cbf32fcb83a39af2c49c4e7916f5fb5cdb3826d2b358202b40956c4615e87574c9157dfa4e2c3740076c16e84671aa8aa4c7e1c4918a7a80 (same on all four validators)
D2C PASS: authority pid 91044 retained its key and signed round 14 after restart; 5 requests, 6 root quorum proofs containing its signature, and 5 subsequent certificates observed
D1 observed consecutive canonical blocks on all four reth clients
  PASS: D1 observed 10 consecutive blocks with four agreeing canonical heads
  info: validator 1 reconciled 1 certified block(s) after its shard restart
  PASS: no validator logged divergence or equivocation
3f status: see section 3f (known issue #232; FAIL until fixed)
D1 PASS
D2C[pair-term] EXPECTED-FAIL(existing probe restarts shard only; pair SIGTERM/relaunch not exercised)
